../Core/Src/main.c:199:5:main	8	static
../Core/Src/main.c:331:6:SystemClock_Config	96	static
../Core/Src/main.c:381:13:MX_TIM1_Init	96	static
../Core/Src/main.c:451:13:MX_TIM2_Init	48	static
../Core/Src/main.c:500:13:MX_TIM3_Init	48	static
../Core/Src/main.c:549:13:MX_TIM4_Init	48	static
../Core/Src/main.c:598:13:MX_TIM8_Init	96	static
../Core/Src/main.c:668:13:MX_USART2_UART_Init	8	static
../Core/Src/main.c:703:13:MX_GPIO_Init	48	static
../Core/Src/main.c:741:9:IsButtonPressed	8	static
../Core/Src/main.c:754:6:HAL_UART_RxCpltCallback	64	static
../Core/Src/main.c:784:6:ProcessReceivedMessage	104	static
../Core/Src/main.c:810:6:Servo_SetMotion	24	static
../Core/Src/main.c:858:7:Servo_StopAll	8	static
../Core/Src/main.c:877:7:Servo_Init	8	static
../Core/Src/main.c:889:6:Direction_Decider	16	static
../Core/Src/main.c:905:7:SignLetter	16	static
../Core/Src/main.c:1109:7:ResetHand	8	static
../Core/Src/main.c:1138:6:StartDefaultTask	16	static
../Core/Src/main.c:1160:6:Index	16	static
../Core/Src/main.c:1180:6:Thumb	16	static
../Core/Src/main.c:1188:6:Middle	16	static
../Core/Src/main.c:1196:6:Ring	16	static
../Core/Src/main.c:1204:6:Pinky	16	static
../Core/Src/main.c:1219:6:HAL_TIM_PeriodElapsedCallback	16	static
../Core/Src/main.c:1237:6:Error_Handler	4	static,ignoring_inline_asm
