../Core/Src/main.c:123:5:main	8	static
../Core/Src/main.c:187:6:SystemClock_Config	96	static
../Core/Src/main.c:237:13:MX_TIM1_Init	96	static
../Core/Src/main.c:307:13:MX_TIM2_Init	48	static
../Core/Src/main.c:356:13:MX_TIM3_Init	48	static
../Core/Src/main.c:405:13:MX_TIM4_Init	48	static
../Core/Src/main.c:454:13:MX_TIM8_Init	96	static
../Core/Src/main.c:524:13:MX_USART2_UART_Init	8	static
../Core/Src/main.c:559:13:MX_GPIO_Init	48	static
../Core/Src/main.c:593:6:setup	8	static
../Core/Src/main.c:598:10:degreesToPulse	16	static
../Core/Src/main.c:611:6:setServoPosition	32	static
../Core/Src/main.c:616:6:moveAllServos	16	static
../Core/Src/main.c:637:6:checkServoLimits	16	static
../Core/Src/main.c:646:6:setPresetPosition	16	static
../Core/Src/main.c:696:6:Error_Handler	4	static,ignoring_inline_asm
