../Core/Src/main.c:251:5:main	8	static
../Core/Src/main.c:384:6:SystemClock_Config	96	static
../Core/Src/main.c:434:13:MX_TIM1_Init	96	static
../Core/Src/main.c:504:13:MX_TIM2_Init	48	static
../Core/Src/main.c:553:13:MX_TIM3_Init	48	static
../Core/Src/main.c:602:13:MX_TIM4_Init	48	static
../Core/Src/main.c:651:13:MX_TIM8_Init	96	static
../Core/Src/main.c:721:13:MX_TIM15_Init	96	static
../Core/Src/main.c:786:13:MX_TIM17_Init	80	static
../Core/Src/main.c:848:13:MX_USART2_UART_Init	8	static
../Core/Src/main.c:883:13:MX_GPIO_Init	48	static
../Core/Src/main.c:925:9:IsButtonPressed	8	static
../Core/Src/main.c:938:6:HAL_UART_RxCpltCallback	64	static
../Core/Src/main.c:968:6:ProcessReceivedMessage	104	static
../Core/Src/main.c:994:6:Servo_SetMotion	24	static
../Core/Src/main.c:1048:7:Servo_StopAll	8	static
../Core/Src/main.c:1071:7:Servo_Init	8	static
../Core/Src/main.c:1099:6:Direction_Decider	16	static
../Core/Src/main.c:1118:7:SignLetter	16	static
../Core/Src/main.c:1403:7:ResetHand	8	static
../Core/Src/main.c:1414:6:TimeVariation	16	static
../Core/Src/main.c:1535:6:StartDefaultTask	16	static
../Core/Src/main.c:1688:6:Index	16	static
../Core/Src/main.c:1699:6:Thumb	16	static
../Core/Src/main.c:1711:6:Middle	16	static
../Core/Src/main.c:1722:6:Ring	16	static
../Core/Src/main.c:1733:6:Pinky	16	static
../Core/Src/main.c:1744:6:wrist_bend	16	static
../Core/Src/main.c:1754:6:wrist_rotate	16	static
../Core/Src/main.c:1771:6:HAL_TIM_PeriodElapsedCallback	16	static
../Core/Src/main.c:1789:6:Error_Handler	4	static,ignoring_inline_asm
