../Core/Src/main.c:254:5:main	8	static
../Core/Src/main.c:322:6:SystemClock_Config	96	static
../Core/Src/main.c:372:13:MX_TIM1_Init	96	static
../Core/Src/main.c:442:13:MX_TIM2_Init	48	static
../Core/Src/main.c:491:13:MX_TIM3_Init	48	static
../Core/Src/main.c:540:13:MX_TIM4_Init	48	static
../Core/Src/main.c:589:13:MX_TIM8_Init	96	static
../Core/Src/main.c:659:13:MX_USART2_UART_Init	8	static
../Core/Src/main.c:694:13:MX_GPIO_Init	48	static
../Core/Src/main.c:728:6:setup	8	static
../Core/Src/main.c:733:10:degreesToPulse	16	static
../Core/Src/main.c:746:6:setServoPosition	32	static
../Core/Src/main.c:751:6:moveAllServos	16	static
../Core/Src/main.c:772:6:checkServoLimits	16	static
../Core/Src/main.c:781:6:setPresetPosition	16	static
../Core/Src/main.c:829:6:setLetterPosition	48	static
../Core/Src/main.c:855:6:displayWord	24	static
../Core/Src/main.c:890:6:signLetterA	8	static
../Core/Src/main.c:891:6:signLetterB	8	static
../Core/Src/main.c:892:6:signLetterC	8	static
../Core/Src/main.c:893:6:signLetterD	8	static
../Core/Src/main.c:894:6:signLetterE	8	static
../Core/Src/main.c:895:6:signLetterF	8	static
../Core/Src/main.c:896:6:signLetterG	8	static
../Core/Src/main.c:897:6:signLetterH	8	static
../Core/Src/main.c:898:6:signLetterI	8	static
../Core/Src/main.c:899:6:signLetterJ	8	static
../Core/Src/main.c:900:6:signLetterK	8	static
../Core/Src/main.c:901:6:signLetterL	8	static
../Core/Src/main.c:902:6:signLetterM	8	static
../Core/Src/main.c:903:6:signLetterN	8	static
../Core/Src/main.c:904:6:signLetterO	8	static
../Core/Src/main.c:905:6:signLetterP	8	static
../Core/Src/main.c:906:6:signLetterQ	8	static
../Core/Src/main.c:907:6:signLetterR	8	static
../Core/Src/main.c:908:6:signLetterS	8	static
../Core/Src/main.c:909:6:signLetterT	8	static
../Core/Src/main.c:910:6:signLetterU	8	static
../Core/Src/main.c:911:6:signLetterV	8	static
../Core/Src/main.c:912:6:signLetterW	8	static
../Core/Src/main.c:913:6:signLetterX	8	static
../Core/Src/main.c:914:6:signLetterY	8	static
../Core/Src/main.c:915:6:signLetterZ	8	static
../Core/Src/main.c:916:6:signSpace	8	static
../Core/Src/main.c:917:6:resetHandPosition	8	static
../Core/Src/main.c:925:6:Error_Handler	4	static,ignoring_inline_asm
