../Core/Src/main.c:124:5:main	8	static
../Core/Src/main.c:188:6:SystemClock_Config	96	static
../Core/Src/main.c:238:13:MX_TIM1_Init	96	static
../Core/Src/main.c:308:13:MX_TIM2_Init	48	static
../Core/Src/main.c:357:13:MX_TIM3_Init	48	static
../Core/Src/main.c:406:13:MX_TIM4_Init	48	static
../Core/Src/main.c:455:13:MX_TIM8_Init	96	static
../Core/Src/main.c:525:13:MX_USART2_UART_Init	8	static
../Core/Src/main.c:560:13:MX_GPIO_Init	48	static
../Core/Src/main.c:603:6:Servo_SetMotion	24	static
../Core/Src/main.c:651:7:Servo_StopAll	8	static
../Core/Src/main.c:670:7:Servo_Init	8	static
../Core/Src/main.c:688:7:SignLetter	16	static
../Core/Src/main.c:739:6:Error_Handler	4	static,ignoring_inline_asm
