../Core/Src/main.c:67:6:setServo1Speed	24	static
../Core/Src/main.c:77:6:setServo2Speed	24	static
../Core/Src/main.c:87:6:setServo3Speed	24	static
../Core/Src/main.c:103:5:main	8	static
../Core/Src/main.c:187:6:SystemClock_Config	96	static
../Core/Src/main.c:237:13:MX_TIM1_Init	96	static
../Core/Src/main.c:307:13:MX_TIM2_Init	48	static
../Core/Src/main.c:356:13:MX_TIM3_Init	48	static
../Core/Src/main.c:405:13:MX_USART2_UART_Init	8	static
../Core/Src/main.c:440:13:MX_GPIO_Init	48	static
../Core/Src/main.c:480:6:Error_Handler	4	static,ignoring_inline_asm
