../Core/Src/main.c:254:5:main	8	static
../Core/Src/main.c:318:6:SystemClock_Config	96	static
../Core/Src/main.c:368:13:MX_TIM1_Init	96	static
../Core/Src/main.c:438:13:MX_TIM2_Init	48	static
../Core/Src/main.c:487:13:MX_TIM3_Init	48	static
../Core/Src/main.c:536:13:MX_TIM4_Init	48	static
../Core/Src/main.c:585:13:MX_TIM8_Init	96	static
../Core/Src/main.c:655:13:MX_USART2_UART_Init	8	static
../Core/Src/main.c:690:13:MX_GPIO_Init	48	static
../Core/Src/main.c:724:6:setup	8	static
../Core/Src/main.c:729:10:degreesToPulse	16	static
../Core/Src/main.c:742:6:setServoPosition	32	static
../Core/Src/main.c:747:6:moveAllServos	16	static
../Core/Src/main.c:768:6:checkServoLimits	16	static
../Core/Src/main.c:777:6:setPresetPosition	16	static
../Core/Src/main.c:825:6:setLetterPosition	48	static
../Core/Src/main.c:851:6:displayWord	24	static
../Core/Src/main.c:886:6:signLetterA	8	static
../Core/Src/main.c:887:6:signLetterB	8	static
../Core/Src/main.c:888:6:signLetterC	8	static
../Core/Src/main.c:889:6:signLetterD	8	static
../Core/Src/main.c:890:6:signLetterE	8	static
../Core/Src/main.c:891:6:signLetterF	8	static
../Core/Src/main.c:892:6:signLetterG	8	static
../Core/Src/main.c:893:6:signLetterH	8	static
../Core/Src/main.c:894:6:signLetterI	8	static
../Core/Src/main.c:895:6:signLetterJ	8	static
../Core/Src/main.c:896:6:signLetterK	8	static
../Core/Src/main.c:897:6:signLetterL	8	static
../Core/Src/main.c:898:6:signLetterM	8	static
../Core/Src/main.c:899:6:signLetterN	8	static
../Core/Src/main.c:900:6:signLetterO	8	static
../Core/Src/main.c:901:6:signLetterP	8	static
../Core/Src/main.c:902:6:signLetterQ	8	static
../Core/Src/main.c:903:6:signLetterR	8	static
../Core/Src/main.c:904:6:signLetterS	8	static
../Core/Src/main.c:905:6:signLetterT	8	static
../Core/Src/main.c:906:6:signLetterU	8	static
../Core/Src/main.c:907:6:signLetterV	8	static
../Core/Src/main.c:908:6:signLetterW	8	static
../Core/Src/main.c:909:6:signLetterX	8	static
../Core/Src/main.c:910:6:signLetterY	8	static
../Core/Src/main.c:911:6:signLetterZ	8	static
../Core/Src/main.c:912:6:signSpace	8	static
../Core/Src/main.c:913:6:resetHandPosition	8	static
../Core/Src/main.c:921:6:Error_Handler	4	static,ignoring_inline_asm
