../Core/Src/main.c:221:5:main	8	static
../Core/Src/main.c:349:6:SystemClock_Config	96	static
../Core/Src/main.c:399:13:MX_TIM1_Init	96	static
../Core/Src/main.c:469:13:MX_TIM2_Init	48	static
../Core/Src/main.c:518:13:MX_TIM3_Init	48	static
../Core/Src/main.c:567:13:MX_TIM4_Init	48	static
../Core/Src/main.c:616:13:MX_TIM8_Init	96	static
../Core/Src/main.c:686:13:MX_USART2_UART_Init	8	static
../Core/Src/main.c:721:13:MX_GPIO_Init	48	static
../Core/Src/main.c:763:9:IsButtonPressed	8	static
../Core/Src/main.c:776:6:HAL_UART_RxCpltCallback	64	static
../Core/Src/main.c:806:6:ProcessReceivedMessage	104	static
../Core/Src/main.c:832:6:Servo_SetMotion	24	static
../Core/Src/main.c:880:7:Servo_StopAll	8	static
../Core/Src/main.c:899:7:Servo_Init	8	static
../Core/Src/main.c:920:6:Direction_Decider	16	static
../Core/Src/main.c:939:7:SignLetter	16	static
../Core/Src/main.c:1170:7:ResetHand	8	static
../Core/Src/main.c:1181:6:TimeVariation	16	static
../Core/Src/main.c:1276:6:StartDefaultTask	16	static
../Core/Src/main.c:1367:6:StartSupervisorTask	16	static
../Core/Src/main.c:1403:6:Index	16	static
../Core/Src/main.c:1415:6:Thumb	16	static
../Core/Src/main.c:1428:6:Middle	16	static
../Core/Src/main.c:1440:6:Ring	16	static
../Core/Src/main.c:1452:6:Pinky	16	static
../Core/Src/main.c:1471:6:HAL_TIM_PeriodElapsedCallback	16	static
../Core/Src/main.c:1489:6:Error_Handler	4	static,ignoring_inline_asm
