../Core/Src/main.c:134:5:main	8	static
../Core/Src/main.c:213:6:SystemClock_Config	96	static
../Core/Src/main.c:263:13:MX_TIM1_Init	96	static
../Core/Src/main.c:333:13:MX_TIM2_Init	48	static
../Core/Src/main.c:382:13:MX_TIM3_Init	48	static
../Core/Src/main.c:431:13:MX_TIM4_Init	48	static
../Core/Src/main.c:480:13:MX_TIM8_Init	96	static
../Core/Src/main.c:550:13:MX_USART2_UART_Init	8	static
../Core/Src/main.c:585:13:MX_GPIO_Init	48	static
../Core/Src/main.c:623:9:IsButtonPressed	8	static
../Core/Src/main.c:636:6:HAL_UART_RxCpltCallback	64	static
../Core/Src/main.c:666:6:ProcessReceivedMessage	104	static
../Core/Src/main.c:692:6:Servo_SetMotion	24	static
../Core/Src/main.c:740:7:Servo_StopAll	8	static
../Core/Src/main.c:759:7:Servo_Init	8	static
../Core/Src/main.c:777:7:SignLetter	16	static
../Core/Src/main.c:828:6:Error_Handler	4	static,ignoring_inline_asm
