../Core/Src/main.c:253:5:main	8	static
../Core/Src/main.c:386:6:SystemClock_Config	96	static
../Core/Src/main.c:436:13:MX_TIM1_Init	96	static
../Core/Src/main.c:506:13:MX_TIM2_Init	48	static
../Core/Src/main.c:555:13:MX_TIM3_Init	48	static
../Core/Src/main.c:604:13:MX_TIM4_Init	48	static
../Core/Src/main.c:653:13:MX_TIM8_Init	96	static
../Core/Src/main.c:723:13:MX_TIM15_Init	96	static
../Core/Src/main.c:788:13:MX_TIM17_Init	80	static
../Core/Src/main.c:850:13:MX_USART2_UART_Init	8	static
../Core/Src/main.c:885:13:MX_GPIO_Init	48	static
../Core/Src/main.c:927:9:IsButtonPressed	8	static
../Core/Src/main.c:940:6:HAL_UART_RxCpltCallback	64	static
../Core/Src/main.c:970:6:ProcessReceivedMessage	104	static
../Core/Src/main.c:996:6:Servo_SetMotion	24	static
../Core/Src/main.c:1050:7:Servo_StopAll	8	static
../Core/Src/main.c:1073:7:Servo_Init	8	static
../Core/Src/main.c:1101:6:Direction_Decider	16	static
../Core/Src/main.c:1120:6:SignLetter	16	static
../Core/Src/main.c:1403:7:ResetHand	8	static
../Core/Src/main.c:1414:6:TimeVariation	16	static
../Core/Src/main.c:1579:6:StartDefaultTask	16	static
../Core/Src/main.c:1784:6:Index	16	static
../Core/Src/main.c:1795:6:Thumb	16	static
../Core/Src/main.c:1807:6:Middle	16	static
../Core/Src/main.c:1818:6:Ring	16	static
../Core/Src/main.c:1829:6:Pinky	16	static
../Core/Src/main.c:1840:6:wrist_bend	16	static
../Core/Src/main.c:1850:6:wrist_rotate	16	static
../Core/Src/main.c:1867:6:HAL_TIM_PeriodElapsedCallback	16	static
../Core/Src/main.c:1885:6:Error_Handler	4	static,ignoring_inline_asm
