../Core/Src/main.c:202:5:main	8	static
../Core/Src/main.c:325:6:SystemClock_Config	96	static
../Core/Src/main.c:375:13:MX_TIM1_Init	96	static
../Core/Src/main.c:445:13:MX_TIM2_Init	48	static
../Core/Src/main.c:494:13:MX_TIM3_Init	48	static
../Core/Src/main.c:543:13:MX_TIM4_Init	48	static
../Core/Src/main.c:592:13:MX_TIM8_Init	96	static
../Core/Src/main.c:662:13:MX_USART2_UART_Init	8	static
../Core/Src/main.c:697:13:MX_GPIO_Init	48	static
../Core/Src/main.c:739:9:IsButtonPressed	8	static
../Core/Src/main.c:752:6:HAL_UART_RxCpltCallback	64	static
../Core/Src/main.c:782:6:ProcessReceivedMessage	104	static
../Core/Src/main.c:809:6:Servo_SetMotion	24	static
../Core/Src/main.c:857:7:Servo_StopAll	8	static
../Core/Src/main.c:876:7:Servo_Init	8	static
../Core/Src/main.c:888:6:Direction_Decider	16	static
../Core/Src/main.c:904:7:SignLetter	16	static
../Core/Src/main.c:1120:7:ResetHand	8	static
../Core/Src/main.c:1141:7:HAL_GPIO_EXTI_Callback	16	static
../Core/Src/main.c:1160:6:StartDefaultTask	16	static
../Core/Src/main.c:1224:6:Index	16	static
../Core/Src/main.c:1274:6:Thumb	16	static
../Core/Src/main.c:1292:6:Middle	16	static
../Core/Src/main.c:1306:6:Ring	16	static
../Core/Src/main.c:1320:6:Pinky	16	static
../Core/Src/main.c:1341:6:HAL_TIM_PeriodElapsedCallback	16	static
../Core/Src/main.c:1359:6:Error_Handler	4	static,ignoring_inline_asm
