../Core/Src/main.c:193:5:main	8	static
../Core/Src/main.c:327:6:SystemClock_Config	96	static
../Core/Src/main.c:377:13:MX_TIM1_Init	96	static
../Core/Src/main.c:447:13:MX_TIM2_Init	48	static
../Core/Src/main.c:496:13:MX_TIM3_Init	48	static
../Core/Src/main.c:545:13:MX_TIM4_Init	48	static
../Core/Src/main.c:594:13:MX_TIM8_Init	96	static
../Core/Src/main.c:664:13:MX_USART2_UART_Init	8	static
../Core/Src/main.c:699:13:MX_GPIO_Init	48	static
../Core/Src/main.c:737:9:IsButtonPressed	8	static
../Core/Src/main.c:750:6:HAL_UART_RxCpltCallback	64	static
../Core/Src/main.c:780:6:ProcessReceivedMessage	104	static
../Core/Src/main.c:806:6:Servo_SetMotion	24	static
../Core/Src/main.c:854:7:Servo_StopAll	8	static
../Core/Src/main.c:873:7:Servo_Init	8	static
../Core/Src/main.c:885:6:Direction_Decider	16	static
../Core/Src/main.c:901:7:SignLetter	16	static
../Core/Src/main.c:956:7:ResetHand	8	static
../Core/Src/main.c:985:6:StartDefaultTask	16	static
../Core/Src/main.c:1006:6:Index	16	static
../Core/Src/main.c:1014:6:Thumb	16	static
../Core/Src/main.c:1022:6:Middle	16	static
../Core/Src/main.c:1030:6:Ring	16	static
../Core/Src/main.c:1038:6:Pinky	16	static
../Core/Src/main.c:1053:6:HAL_TIM_PeriodElapsedCallback	16	static
../Core/Src/main.c:1071:6:Error_Handler	4	static,ignoring_inline_asm
